// Jest Snapshot v1, https://goo.gl/fbAQLP

exports[`renders PrestationsList unchanged 1`] = `
<div>
  <div
    class="grid md:grid-cols-3 gap-6 md:gap-3 lg:gap-6"
  >
    <div
      class="text-center h-full flex flex-col"
    >
      <div />
      <h3
        class="text-xl text-white font-medium mt-1 leading-7"
      >
        <span
          class="block"
        >
          Conception / Refonte
        </span>
        <span
          class="block"
        >
          de sites Internet
        </span>
      </h3>
      <p
        class="text-base md:text-sm lg:text-base leading-5 lg:leading-5 mt-1 mb-2"
      >
        Sites vitrines, associatifs, e-commerce ou dédiés. Je vous accompagne dès la genèse de votre projet pour vous proposer des solutions puissantes et performantes et répondre le plus efficacement aux enjeux de votre activité. Je suis expert dans la création de site sur les CMS Joomla, WordPress et Prestashop.
      </p>
      <div
        class="mt-auto"
      >
        <a
          class="button"
          href="/prestations/creation-site-web"
        >
          Découvrir mes prestations
        </a>
      </div>
    </div>
    <div
      class="text-center h-full flex flex-col"
    >
      <div />
      <h3
        class="text-xl text-white font-medium mt-1 leading-7"
      >
        <span
          class="block"
        >
          Maintenance &
        </span>
        <span
          class="block"
        >
          Infogérance
        </span>
      </h3>
      <p
        class="text-base md:text-sm lg:text-base leading-5 lg:leading-5 mt-1 mb-2"
      >
        La maintenance d’un site internet s’avère complexe lorsqu’on ne dispose pas du bagage technique nécessaire voire le temps de s’en occuper. Pour ces tâches délicates et chronophages, je vous propose de prendre le relai et d’assurer pour vous la gestion de vos sauvegardes, ainsi que la maintenance et la sécurité de votre serveur dans sa globalité.
      </p>
      <div
        class="mt-auto"
      >
        <a
          class="button"
          href="/prestations/maintenance-site-internet"
        >
          Mes offres de maintenance
        </a>
      </div>
    </div>
    <div
      class="text-center h-full flex flex-col"
    >
      <div />
      <h3
        class="text-xl text-white font-medium mt-1 leading-7"
      >
        <span
          class="block"
        >
          Hébergement optimisé &
        </span>
        <span
          class="block"
        >
          ultra rapide
        </span>
      </h3>
      <p
        class="text-base md:text-sm lg:text-base leading-5 lg:leading-5 mt-1 mb-2"
      >
        Lorsque vous souhaitez mettre en ligne un site, il est nécessaire de choisir une offre d’hébergement parmis une foule d’offres et de prestataires. Nos offres d’hébergement sont transparentes et sans frais cachés. Un expert de notre partenaire Dutiko analyse votre projet ainsi que votre demande pour vous proposer l’offre idéale pour la nature de votre site web.
      </p>
      <div
        class="mt-auto"
      >
        <a
          class="button"
          href="/contact"
        >
          Me contacter
        </a>
      </div>
    </div>
  </div>
</div>
`;
